This is pdfTeX, Version 3.141592653-2.6-1.40.28 (MiKTeX 25.12) (preloaded format=pdflatex.fmt)
 restricted \write18 enabled.
entering extended mode
(slide_table.tex
LaTeX2e <2025-11-01>
L3 programming layer <2025-12-24>

(C:\Users\mason\AppData\Local\Programs\MiKTeX\tex/latex/standalone\standalone.c
ls
Document Class: standalone 2025/02/22 v1.5a Class to compile TeX sub-files stan
dalone
(C:\Users\mason\AppData\Local\Programs\MiKTeX\tex/latex/tools\shellesc.sty)
(C:\Users\mason\AppData\Local\Programs\MiKTeX\tex/generic/iftex\ifluatex.sty
(C:\Users\mason\AppData\Local\Programs\MiKTeX\tex/generic/iftex\iftex.sty))
(C:\Users\mason\AppData\Local\Programs\MiKTeX\tex/latex/xkeyval\xkeyval.sty
(C:\Users\mason\AppData\Local\Programs\MiKTeX\tex/generic/xkeyval\xkeyval.tex
(C:\Users\mason\AppData\Local\Programs\MiKTeX\tex/generic/xkeyval\xkvutils.tex
(C:\Users\mason\AppData\Local\Programs\MiKTeX\tex/generic/xkeyval\keyval.tex)))
)
(C:\Users\mason\AppData\Local\Programs\MiKTeX\tex/latex/standalone\standalone.c
fg) (C:\Users\mason\AppData\Local\Programs\MiKTeX\tex/latex/base\article.cls
Document Class: article 2025/01/22 v1.4n Standard LaTeX document class
(C:\Users\mason\AppData\Local\Programs\MiKTeX\tex/latex/base\size10.clo)))
(C:\Users\mason\AppData\Local\Programs\MiKTeX\tex/latex/booktabs\booktabs.sty)
(C:\Users\mason\AppData\Local\Programs\MiKTeX\tex/latex/psnfss\helvet.sty)
(C:\Users\mason\AppData\Local\Programs\MiKTeX\tex/latex/xcolor\xcolor.sty
(C:\Users\mason\AppData\Local\Programs\MiKTeX\tex/latex/graphics-cfg\color.cfg)

(C:\Users\mason\AppData\Local\Programs\MiKTeX\tex/latex/graphics-def\pdftex.def
)
(C:\Users\mason\AppData\Local\Programs\MiKTeX\tex/latex/graphics\mathcolor.ltx)
) (C:\Users\mason\AppData\Local\Programs\MiKTeX\tex/latex/colortbl\colortbl.sty
(C:\Users\mason\AppData\Local\Programs\MiKTeX\tex/latex/tools\array.sty))
(C:\Users\mason\AppData\Local\Programs\MiKTeX\tex/latex/amsfonts\amssymb.sty
(C:\Users\mason\AppData\Local\Programs\MiKTeX\tex/latex/amsfonts\amsfonts.sty))
(C:\Users\mason\AppData\Local\Programs\MiKTeX\tex/latex/psnfss\ot1phv.fd)
(C:\Users\mason\AppData\Local\Programs\MiKTeX\tex/latex/l3backend\l3backend-pdf
tex.def) (slide_table.aux)
(C:\Users\mason\AppData\Local\Programs\MiKTeX\tex/context/base/mkii\supp-pdf.mk
ii
[Loading MPS to PDF converter (version 2006.09.02).]
) (C:\Users\mason\AppData\Local\Programs\MiKTeX\tex/latex/amsfonts\umsa.fd)
(C:\Users\mason\AppData\Local\Programs\MiKTeX\tex/latex/amsfonts\umsb.fd)
[1
Non-PDF special ignored!
<special> papersize=388.57701pt,173.4831pt
{C:/Users/mason/AppData/Local/MiKTeX/fonts/map/pdftex/pdftex.map}{C:/Users/maso
n/AppData/Local/Programs/MiKTeX/fonts/enc/dvips/base/8r.enc}] (slide_table.aux)
 )<C:/Users/mason/AppData/Local/Programs/MiKTeX/fonts/type1/public/amsfonts/cm/
cmmi10.pfb><C:/Users/mason/AppData/Local/Programs/MiKTeX/fonts/type1/public/ams
fonts/cm/cmr10.pfb><C:/Users/mason/AppData/Local/Programs/MiKTeX/fonts/type1/pu
blic/amsfonts/cm/cmsy10.pfb><C:/Users/mason/AppData/Local/Programs/MiKTeX/fonts
/type1/urw/helvetic/uhvr8a.pfb><C:/Users/mason/AppData/Local/Programs/MiKTeX/fo
nts/type1/urw/helvetic/uhvro8a.pfb>
Output written on slide_table.pdf (1 page, 47913 bytes).
Transcript written on slide_table.log.
pdflatex: major issue: So far, you have not checked for MiKTeX updates.
